[15:58:39] [main/INFO]: Environment: authHost='https://authserver.mojang.com', accountsHost='https://api.mojang.com', sessionHost='https://sessionserver.mojang.com', servicesHost='https://api.minecraftservices.com', name='PROD'
[15:58:40] [main/WARN]: Ambiguity between arguments [teleport, destination] and [teleport, targets] with inputs: [Player, 0123, @e, dd12be42-52a9-4a91-a8a1-11c01849e498]
[15:58:40] [main/WARN]: Ambiguity between arguments [teleport, location] and [teleport, destination] with inputs: [0.1 -0.5 .9, 0 0 0]
[15:58:40] [main/WARN]: Ambiguity between arguments [teleport, location] and [teleport, targets] with inputs: [0.1 -0.5 .9, 0 0 0]
[15:58:40] [main/WARN]: Ambiguity between arguments [teleport, targets] and [teleport, destination] with inputs: [Player, 0123, dd12be42-52a9-4a91-a8a1-11c01849e498]
[15:58:40] [main/WARN]: Ambiguity between arguments [teleport, targets, location] and [teleport, targets, destination] with inputs: [0.1 -0.5 .9, 0 0 0]
[15:58:40] [main/INFO]: Reloading ResourceManager: Default
[15:58:41] [Worker-Main-4/INFO]: Loaded 7 recipes
[15:58:41] [Worker-Main-4/INFO]: Loaded 927 advancements
[15:58:43] [Server thread/INFO]: Starting minecraft server version 1.16.5
[15:58:43] [Server thread/INFO]: Loading properties
[15:58:43] [Server thread/INFO]: Default game type: SURVIVAL
[15:58:43] [Server thread/INFO]: Generating keypair
[15:58:44] [Server thread/INFO]: Starting Minecraft server on *:25565
[15:58:44] [Server thread/INFO]: Using epoll channel type
[15:58:44] [Server thread/WARN]: **** SERVER IS RUNNING IN OFFLINE/INSECURE MODE!
[15:58:44] [Server thread/WARN]: The server will make no attempt to authenticate usernames. Beware.
[15:58:44] [Server thread/WARN]: While this makes the game possible to play without internet access, it also opens up the ability for hackers to connect with any username they choose.
[15:58:44] [Server thread/WARN]: To change this, set "online-mode" to "true" in the server.properties file.
[15:58:44] [Server thread/INFO]: Preparing level "world"
[15:58:49] [Server thread/INFO]: Preparing start region for dimension minecraft:overworld
[15:58:49] [Worker-Main-4/INFO]: Preparing spawn area: 0%
[15:58:49] [Worker-Main-4/INFO]: Preparing spawn area: 0%
[15:58:50] [Worker-Main-5/INFO]: Preparing spawn area: 0%
[15:58:50] [Worker-Main-6/INFO]: Preparing spawn area: 0%
[15:58:51] [Worker-Main-5/INFO]: Preparing spawn area: 1%
[15:58:51] [Worker-Main-4/INFO]: Preparing spawn area: 1%
[15:58:52] [Worker-Main-5/INFO]: Preparing spawn area: 2%
[15:58:52] [Worker-Main-6/INFO]: Preparing spawn area: 4%
[15:58:53] [Worker-Main-6/INFO]: Preparing spawn area: 5%
[15:58:53] [Worker-Main-6/INFO]: Preparing spawn area: 5%
[15:58:54] [Worker-Main-6/INFO]: Preparing spawn area: 8%
[15:58:54] [Worker-Main-5/INFO]: Preparing spawn area: 9%
[15:58:55] [Worker-Main-6/INFO]: Preparing spawn area: 10%
[15:58:55] [Worker-Main-5/INFO]: Preparing spawn area: 11%
[15:58:56] [Worker-Main-5/INFO]: Preparing spawn area: 11%
[15:58:56] [Worker-Main-6/INFO]: Preparing spawn area: 11%
[15:58:57] [Worker-Main-5/INFO]: Preparing spawn area: 12%
[15:58:57] [Worker-Main-5/INFO]: Preparing spawn area: 15%
[15:58:58] [Worker-Main-5/INFO]: Preparing spawn area: 17%
[15:58:58] [Worker-Main-6/INFO]: Preparing spawn area: 17%
[15:58:59] [Worker-Main-6/INFO]: Preparing spawn area: 17%
[15:58:59] [Worker-Main-4/INFO]: Preparing spawn area: 17%
[15:59:00] [Worker-Main-6/INFO]: Preparing spawn area: 24%
[15:59:00] [Worker-Main-4/INFO]: Preparing spawn area: 24%
[15:59:01] [Worker-Main-6/INFO]: Preparing spawn area: 24%
[15:59:01] [Worker-Main-4/INFO]: Preparing spawn area: 31%
[15:59:02] [Worker-Main-4/INFO]: Preparing spawn area: 32%
[15:59:02] [Worker-Main-4/INFO]: Preparing spawn area: 32%
[15:59:03] [Worker-Main-5/INFO]: Preparing spawn area: 32%
[15:59:04] [Worker-Main-5/INFO]: Preparing spawn area: 32%
[15:59:04] [Worker-Main-6/INFO]: Preparing spawn area: 40%
[15:59:04] [Worker-Main-5/INFO]: Preparing spawn area: 42%
[15:59:06] [Worker-Main-5/INFO]: Preparing spawn area: 44%
[15:59:06] [Worker-Main-5/INFO]: Preparing spawn area: 44%
[15:59:06] [Worker-Main-5/INFO]: Preparing spawn area: 44%
[15:59:06] [Worker-Main-5/INFO]: Preparing spawn area: 54%
[15:59:07] [Worker-Main-4/INFO]: Preparing spawn area: 56%
[15:59:08] [Worker-Main-4/INFO]: Preparing spawn area: 58%
[15:59:08] [Worker-Main-6/INFO]: Preparing spawn area: 58%
[15:59:08] [Worker-Main-5/INFO]: Preparing spawn area: 68%
[15:59:10] [Worker-Main-5/INFO]: Preparing spawn area: 70%
[15:59:10] [Worker-Main-4/INFO]: Preparing spawn area: 70%
[15:59:10] [Worker-Main-4/INFO]: Preparing spawn area: 70%
[15:59:11] [Worker-Main-4/INFO]: Preparing spawn area: 81%
[15:59:11] [Worker-Main-4/INFO]: Preparing spawn area: 81%
[15:59:12] [Worker-Main-5/INFO]: Preparing spawn area: 85%
[15:59:12] [Worker-Main-5/INFO]: Preparing spawn area: 85%
[15:59:13] [Worker-Main-4/INFO]: Preparing spawn area: 93%
[15:59:13] [Worker-Main-4/INFO]: Preparing spawn area: 93%
[15:59:13] [Server thread/INFO]: Time elapsed: 24253 ms
[15:59:13] [Server thread/INFO]: Done (29.147s)! For help, type "help"
[15:59:38] [Server thread/INFO]: _SouGG[/127.171.106.49:39975] logged in with entity id 246 at (-81.5, 65.0, -38.5)
[15:59:38] [Server thread/INFO]: _SouGG joined the game
[16:04:13] [Server thread/WARN]: Failed to save player data for _SouGG
[16:04:13] [Server thread/ERROR]: Could not save data bhd@8a15020
java.io.FileNotFoundException: ./world/data/raids.dat (No such file or directory)
	at java.io.FileOutputStream.open0(Native Method) ~[?:?]
	at java.io.FileOutputStream.open(FileOutputStream.java:298) ~[?:?]
	at java.io.FileOutputStream.<init>(FileOutputStream.java:237) ~[?:?]
	at java.io.FileOutputStream.<init>(FileOutputStream.java:187) ~[?:?]
	at mn.a(SourceFile:37) ~[vanilla.jar:?]
	at cxs.a(SourceFile:51) ~[vanilla.jar:?]
	at cyc.a(SourceFile:124) ~[vanilla.jar:?]
	at aag.aj(SourceFile:717) ~[vanilla.jar:?]
	at aag.a(SourceFile:705) ~[vanilla.jar:?]
	at net.minecraft.server.MinecraftServer.a(SourceFile:567) ~[vanilla.jar:?]
	at net.minecraft.server.MinecraftServer.a(SourceFile:830) ~[vanilla.jar:?]
	at net.minecraft.server.MinecraftServer.w(SourceFile:670) ~[vanilla.jar:?]
	at net.minecraft.server.MinecraftServer.a(SourceFile:257) ~[vanilla.jar:?]
	at java.lang.Thread.run(Thread.java:829) [?:?]
[16:04:14] [Server thread/ERROR]: Could not save data bhd@48b993b1
java.io.FileNotFoundException: ./world/DIM-1/data/raids.dat (No such file or directory)
	at java.io.FileOutputStream.open0(Native Method) ~[?:?]
	at java.io.FileOutputStream.open(FileOutputStream.java:298) ~[?:?]
	at java.io.FileOutputStream.<init>(FileOutputStream.java:237) ~[?:?]
	at java.io.FileOutputStream.<init>(FileOutputStream.java:187) ~[?:?]
	at mn.a(SourceFile:37) ~[vanilla.jar:?]
	at cxs.a(SourceFile:51) ~[vanilla.jar:?]
	at cyc.a(SourceFile:124) ~[vanilla.jar:?]
	at aag.aj(SourceFile:717) ~[vanilla.jar:?]
	at aag.a(SourceFile:705) ~[vanilla.jar:?]
	at net.minecraft.server.MinecraftServer.a(SourceFile:567) ~[vanilla.jar:?]
	at net.minecraft.server.MinecraftServer.a(SourceFile:830) ~[vanilla.jar:?]
	at net.minecraft.server.MinecraftServer.w(SourceFile:670) ~[vanilla.jar:?]
	at net.minecraft.server.MinecraftServer.a(SourceFile:257) ~[vanilla.jar:?]
	at java.lang.Thread.run(Thread.java:829) [?:?]
[16:04:14] [Server thread/ERROR]: Could not save data bhd@1b22edd8
java.io.FileNotFoundException: ./world/DIM1/data/raids_end.dat (No such file or directory)
	at java.io.FileOutputStream.open0(Native Method) ~[?:?]
	at java.io.FileOutputStream.open(FileOutputStream.java:298) ~[?:?]
	at java.io.FileOutputStream.<init>(FileOutputStream.java:237) ~[?:?]
	at java.io.FileOutputStream.<init>(FileOutputStream.java:187) ~[?:?]
	at mn.a(SourceFile:37) ~[vanilla.jar:?]
	at cxs.a(SourceFile:51) ~[vanilla.jar:?]
	at cyc.a(SourceFile:124) ~[vanilla.jar:?]
	at aag.aj(SourceFile:717) ~[vanilla.jar:?]
	at aag.a(SourceFile:705) ~[vanilla.jar:?]
	at net.minecraft.server.MinecraftServer.a(SourceFile:567) ~[vanilla.jar:?]
	at net.minecraft.server.MinecraftServer.a(SourceFile:830) ~[vanilla.jar:?]
	at net.minecraft.server.MinecraftServer.w(SourceFile:670) ~[vanilla.jar:?]
	at net.minecraft.server.MinecraftServer.a(SourceFile:257) ~[vanilla.jar:?]
	at java.lang.Thread.run(Thread.java:829) [?:?]
